// Jest Snapshot v1, https://goo.gl/fbAQLP

exports[`Validates BooleanInpupt Display BooleanInput 1`] = `ShallowWrapper {}`;
