// Jest Snapshot v1, https://goo.gl/fbAQLP

exports[`Validates FileUploadInput Display FileUploadInput 1`] = `ReactWrapper {}`;
