// Jest Snapshot v1, https://goo.gl/fbAQLP

exports[`Validates FlowVariableOverride Display FlowVariableOverride 1`] = `ShallowWrapper {}`;
