// Jest Snapshot v1, https://goo.gl/fbAQLP

exports[`Validates SelectInput Display SelectInput 1`] = `ShallowWrapper {}`;
