// Jest Snapshot v1, https://goo.gl/fbAQLP

exports[`Validates FileUpload Displays FileUpload 1`] = `ShallowWrapper {}`;
