// Jest Snapshot v1, https://goo.gl/fbAQLP

exports[`Validates GlobalFlowMenu Display of GlobalFlowMenu with empty list 1`] = `
Object {
  "asFragment": [Function],
  "baseElement": <body>
    <div>
      <div
        class="GlobalFlowMenu"
      >
        <h3>
          Flow Variables
        </h3>
        <table
          class="table table-sm"
        >
          <thead>
            <tr>
              <th>
                Name
              </th>
              <th>
                Type
              </th>
              <th>
                Value
              </th>
              <th />
              <th />
            </tr>
          </thead>
          <tbody />
        </table>
        <div
          class="dropdown btn-group"
          role="group"
        >
          <button
            aria-expanded="false"
            aria-haspopup="true"
            class="dropdown-toggle dropdown-toggle-split btn btn-success btn-sm"
            id="dropdown-split-basic"
            type="button"
          >
            Add Global Flow Variable 
          </button>
        </div>
      </div>
    </div>
  </body>,
  "container": <div>
    <div
      class="GlobalFlowMenu"
    >
      <h3>
        Flow Variables
      </h3>
      <table
        class="table table-sm"
      >
        <thead>
          <tr>
            <th>
              Name
            </th>
            <th>
              Type
            </th>
            <th>
              Value
            </th>
            <th />
            <th />
          </tr>
        </thead>
        <tbody />
      </table>
      <div
        class="dropdown btn-group"
        role="group"
      >
        <button
          aria-expanded="false"
          aria-haspopup="true"
          class="dropdown-toggle dropdown-toggle-split btn btn-success btn-sm"
          id="dropdown-split-basic"
          type="button"
        >
          Add Global Flow Variable 
        </button>
      </div>
    </div>
  </div>,
  "debug": [Function],
  "findAllByAltText": [Function],
  "findAllByDisplayValue": [Function],
  "findAllByLabelText": [Function],
  "findAllByPlaceholderText": [Function],
  "findAllByRole": [Function],
  "findAllByTestId": [Function],
  "findAllByText": [Function],
  "findAllByTitle": [Function],
  "findByAltText": [Function],
  "findByDisplayValue": [Function],
  "findByLabelText": [Function],
  "findByPlaceholderText": [Function],
  "findByRole": [Function],
  "findByTestId": [Function],
  "findByText": [Function],
  "findByTitle": [Function],
  "getAllByAltText": [Function],
  "getAllByDisplayValue": [Function],
  "getAllByLabelText": [Function],
  "getAllByPlaceholderText": [Function],
  "getAllByRole": [Function],
  "getAllByTestId": [Function],
  "getAllByText": [Function],
  "getAllByTitle": [Function],
  "getByAltText": [Function],
  "getByDisplayValue": [Function],
  "getByLabelText": [Function],
  "getByPlaceholderText": [Function],
  "getByRole": [Function],
  "getByTestId": [Function],
  "getByText": [Function],
  "getByTitle": [Function],
  "queryAllByAltText": [Function],
  "queryAllByDisplayValue": [Function],
  "queryAllByLabelText": [Function],
  "queryAllByPlaceholderText": [Function],
  "queryAllByRole": [Function],
  "queryAllByTestId": [Function],
  "queryAllByText": [Function],
  "queryAllByTitle": [Function],
  "queryByAltText": [Function],
  "queryByDisplayValue": [Function],
  "queryByLabelText": [Function],
  "queryByPlaceholderText": [Function],
  "queryByRole": [Function],
  "queryByTestId": [Function],
  "queryByText": [Function],
  "queryByTitle": [Function],
  "rerender": [Function],
  "unmount": [Function],
}
`;
