// Jest Snapshot v1, https://goo.gl/fbAQLP

exports[`Validate NodeMenu Display NodeMenu 1`] = `
Object {
  "asFragment": [Function],
  "baseElement": <body>
    <div>
      <div
        class="NodeMenu"
      >
        <h3>
          Node Menu
        </h3>
        <div>
          Drag-and-drop nodes to build a workflow.
        </div>
        <hr />
        <div>
          <span
            class="node-section-title"
          >
            Visualization
          </span>
          <ul>
            <li
              class="NodeMenuItem invalid"
            >
              graph
            </li>
          </ul>
        </div>
        <div>
          <span
            class="node-section-title"
          >
            Flow Control
          </span>
          <ul>
            <li
              class="NodeMenuItem"
              draggable="true"
              style="color: purple;"
            >
              Integer Input
            </li>
            <li
              class="NodeMenuItem"
              draggable="true"
              style="color: purple;"
            >
              String Input
            </li>
          </ul>
        </div>
        <div>
          <span
            class="node-section-title"
          >
            Manipulation
          </span>
          <ul>
            <li
              class="NodeMenuItem"
              draggable="true"
              style="color: goldenrod;"
            >
              Joiner
            </li>
            <li
              class="NodeMenuItem"
              draggable="true"
              style="color: goldenrod;"
            >
              Filter
            </li>
            <li
              class="NodeMenuItem"
              draggable="true"
              style="color: goldenrod;"
            >
              Pivoting
            </li>
          </ul>
        </div>
        <div>
          <span
            class="node-section-title"
          >
            I/O
          </span>
          <ul>
            <li
              class="NodeMenuItem"
              draggable="true"
              style="color: green;"
            >
              Read CSV
            </li>
            <li
              class="NodeMenuItem"
              draggable="true"
              style="color: green;"
            >
              Write CSV
            </li>
          </ul>
        </div>
        <div>
          <span
            class="node-section-title"
          >
            Custom Nodes
          </span>
          <ul>
            <li
              class="NodeMenuItem"
              draggable="true"
              style="color: green;"
            >
              Table Creator
            </li>
          </ul>
        </div>
        <input
          style="display: none;"
          type="file"
        />
        <button
          class="btn btn-success btn-sm"
          type="button"
        >
          Add Custom Node
        </button>
      </div>
    </div>
  </body>,
  "container": <div>
    <div
      class="NodeMenu"
    >
      <h3>
        Node Menu
      </h3>
      <div>
        Drag-and-drop nodes to build a workflow.
      </div>
      <hr />
      <div>
        <span
          class="node-section-title"
        >
          Visualization
        </span>
        <ul>
          <li
            class="NodeMenuItem invalid"
          >
            graph
          </li>
        </ul>
      </div>
      <div>
        <span
          class="node-section-title"
        >
          Flow Control
        </span>
        <ul>
          <li
            class="NodeMenuItem"
            draggable="true"
            style="color: purple;"
          >
            Integer Input
          </li>
          <li
            class="NodeMenuItem"
            draggable="true"
            style="color: purple;"
          >
            String Input
          </li>
        </ul>
      </div>
      <div>
        <span
          class="node-section-title"
        >
          Manipulation
        </span>
        <ul>
          <li
            class="NodeMenuItem"
            draggable="true"
            style="color: goldenrod;"
          >
            Joiner
          </li>
          <li
            class="NodeMenuItem"
            draggable="true"
            style="color: goldenrod;"
          >
            Filter
          </li>
          <li
            class="NodeMenuItem"
            draggable="true"
            style="color: goldenrod;"
          >
            Pivoting
          </li>
        </ul>
      </div>
      <div>
        <span
          class="node-section-title"
        >
          I/O
        </span>
        <ul>
          <li
            class="NodeMenuItem"
            draggable="true"
            style="color: green;"
          >
            Read CSV
          </li>
          <li
            class="NodeMenuItem"
            draggable="true"
            style="color: green;"
          >
            Write CSV
          </li>
        </ul>
      </div>
      <div>
        <span
          class="node-section-title"
        >
          Custom Nodes
        </span>
        <ul>
          <li
            class="NodeMenuItem"
            draggable="true"
            style="color: green;"
          >
            Table Creator
          </li>
        </ul>
      </div>
      <input
        style="display: none;"
        type="file"
      />
      <button
        class="btn btn-success btn-sm"
        type="button"
      >
        Add Custom Node
      </button>
    </div>
  </div>,
  "debug": [Function],
  "findAllByAltText": [Function],
  "findAllByDisplayValue": [Function],
  "findAllByLabelText": [Function],
  "findAllByPlaceholderText": [Function],
  "findAllByRole": [Function],
  "findAllByTestId": [Function],
  "findAllByText": [Function],
  "findAllByTitle": [Function],
  "findByAltText": [Function],
  "findByDisplayValue": [Function],
  "findByLabelText": [Function],
  "findByPlaceholderText": [Function],
  "findByRole": [Function],
  "findByTestId": [Function],
  "findByText": [Function],
  "findByTitle": [Function],
  "getAllByAltText": [Function],
  "getAllByDisplayValue": [Function],
  "getAllByLabelText": [Function],
  "getAllByPlaceholderText": [Function],
  "getAllByRole": [Function],
  "getAllByTestId": [Function],
  "getAllByText": [Function],
  "getAllByTitle": [Function],
  "getByAltText": [Function],
  "getByDisplayValue": [Function],
  "getByLabelText": [Function],
  "getByPlaceholderText": [Function],
  "getByRole": [Function],
  "getByTestId": [Function],
  "getByText": [Function],
  "getByTitle": [Function],
  "queryAllByAltText": [Function],
  "queryAllByDisplayValue": [Function],
  "queryAllByLabelText": [Function],
  "queryAllByPlaceholderText": [Function],
  "queryAllByRole": [Function],
  "queryAllByTestId": [Function],
  "queryAllByText": [Function],
  "queryAllByTitle": [Function],
  "queryByAltText": [Function],
  "queryByDisplayValue": [Function],
  "queryByLabelText": [Function],
  "queryByPlaceholderText": [Function],
  "queryByRole": [Function],
  "queryByTestId": [Function],
  "queryByText": [Function],
  "queryByTitle": [Function],
  "rerender": [Function],
  "unmount": [Function],
}
`;

exports[`Validate NodeMenu Display NodeMenu with missing packages 1`] = `
Object {
  "asFragment": [Function],
  "baseElement": <body>
    <div>
      <div
        class="NodeMenu"
      >
        <h3>
          Node Menu
        </h3>
        <div>
          Drag-and-drop nodes to build a workflow.
        </div>
        <hr />
        <div>
          <span
            class="node-section-title"
          >
            Visualization
          </span>
          <ul>
            <li
              class="NodeMenuItem invalid"
            >
              graph
            </li>
          </ul>
        </div>
        <div>
          <span
            class="node-section-title"
          >
            Flow Control
          </span>
          <ul>
            <li
              class="NodeMenuItem"
              draggable="true"
              style="color: purple;"
            >
              Integer Input
            </li>
            <li
              class="NodeMenuItem"
              draggable="true"
              style="color: purple;"
            >
              String Input
            </li>
          </ul>
        </div>
        <div>
          <span
            class="node-section-title"
          >
            Manipulation
          </span>
          <ul>
            <li
              class="NodeMenuItem"
              draggable="true"
              style="color: goldenrod;"
            >
              Joiner
            </li>
            <li
              class="NodeMenuItem"
              draggable="true"
              style="color: goldenrod;"
            >
              Filter
            </li>
            <li
              class="NodeMenuItem"
              draggable="true"
              style="color: goldenrod;"
            >
              Pivoting
            </li>
          </ul>
        </div>
        <div>
          <span
            class="node-section-title"
          >
            I/O
          </span>
          <ul>
            <li
              class="NodeMenuItem"
              draggable="true"
              style="color: green;"
            >
              Read CSV
            </li>
            <li
              class="NodeMenuItem"
              draggable="true"
              style="color: green;"
            >
              Write CSV
            </li>
          </ul>
        </div>
        <div>
          <span
            class="node-section-title"
          >
            Custom Nodes
          </span>
          <ul>
            <li
              class="NodeMenuItem"
              draggable="true"
              style="color: green;"
            >
              Table Creator
            </li>
          </ul>
        </div>
        <input
          style="display: none;"
          type="file"
        />
        <button
          class="btn btn-success btn-sm"
          type="button"
        >
          Add Custom Node
        </button>
      </div>
    </div>
  </body>,
  "container": <div>
    <div
      class="NodeMenu"
    >
      <h3>
        Node Menu
      </h3>
      <div>
        Drag-and-drop nodes to build a workflow.
      </div>
      <hr />
      <div>
        <span
          class="node-section-title"
        >
          Visualization
        </span>
        <ul>
          <li
            class="NodeMenuItem invalid"
          >
            graph
          </li>
        </ul>
      </div>
      <div>
        <span
          class="node-section-title"
        >
          Flow Control
        </span>
        <ul>
          <li
            class="NodeMenuItem"
            draggable="true"
            style="color: purple;"
          >
            Integer Input
          </li>
          <li
            class="NodeMenuItem"
            draggable="true"
            style="color: purple;"
          >
            String Input
          </li>
        </ul>
      </div>
      <div>
        <span
          class="node-section-title"
        >
          Manipulation
        </span>
        <ul>
          <li
            class="NodeMenuItem"
            draggable="true"
            style="color: goldenrod;"
          >
            Joiner
          </li>
          <li
            class="NodeMenuItem"
            draggable="true"
            style="color: goldenrod;"
          >
            Filter
          </li>
          <li
            class="NodeMenuItem"
            draggable="true"
            style="color: goldenrod;"
          >
            Pivoting
          </li>
        </ul>
      </div>
      <div>
        <span
          class="node-section-title"
        >
          I/O
        </span>
        <ul>
          <li
            class="NodeMenuItem"
            draggable="true"
            style="color: green;"
          >
            Read CSV
          </li>
          <li
            class="NodeMenuItem"
            draggable="true"
            style="color: green;"
          >
            Write CSV
          </li>
        </ul>
      </div>
      <div>
        <span
          class="node-section-title"
        >
          Custom Nodes
        </span>
        <ul>
          <li
            class="NodeMenuItem"
            draggable="true"
            style="color: green;"
          >
            Table Creator
          </li>
        </ul>
      </div>
      <input
        style="display: none;"
        type="file"
      />
      <button
        class="btn btn-success btn-sm"
        type="button"
      >
        Add Custom Node
      </button>
    </div>
  </div>,
  "debug": [Function],
  "findAllByAltText": [Function],
  "findAllByDisplayValue": [Function],
  "findAllByLabelText": [Function],
  "findAllByPlaceholderText": [Function],
  "findAllByRole": [Function],
  "findAllByTestId": [Function],
  "findAllByText": [Function],
  "findAllByTitle": [Function],
  "findByAltText": [Function],
  "findByDisplayValue": [Function],
  "findByLabelText": [Function],
  "findByPlaceholderText": [Function],
  "findByRole": [Function],
  "findByTestId": [Function],
  "findByText": [Function],
  "findByTitle": [Function],
  "getAllByAltText": [Function],
  "getAllByDisplayValue": [Function],
  "getAllByLabelText": [Function],
  "getAllByPlaceholderText": [Function],
  "getAllByRole": [Function],
  "getAllByTestId": [Function],
  "getAllByText": [Function],
  "getAllByTitle": [Function],
  "getByAltText": [Function],
  "getByDisplayValue": [Function],
  "getByLabelText": [Function],
  "getByPlaceholderText": [Function],
  "getByRole": [Function],
  "getByTestId": [Function],
  "getByText": [Function],
  "getByTitle": [Function],
  "queryAllByAltText": [Function],
  "queryAllByDisplayValue": [Function],
  "queryAllByLabelText": [Function],
  "queryAllByPlaceholderText": [Function],
  "queryAllByRole": [Function],
  "queryAllByTestId": [Function],
  "queryAllByText": [Function],
  "queryAllByTitle": [Function],
  "queryByAltText": [Function],
  "queryByDisplayValue": [Function],
  "queryByLabelText": [Function],
  "queryByPlaceholderText": [Function],
  "queryByRole": [Function],
  "queryByTestId": [Function],
  "queryByText": [Function],
  "queryByTitle": [Function],
  "rerender": [Function],
  "unmount": [Function],
}
`;
